[secpriv.wien/index.html]
[backblue.gif]
[fade.gif]
[index.html]
[secpriv.wien/home/Logo2.png]
[secpriv.wien/images/totop.png]
[secpriv.wien/research/index.html]
[secpriv.wien/images/SecPrivGroup.png]
[secpriv.wien/publications/index.html]
[secpriv.wien/team/philipp]
[secpriv.wien/projects/index.html]
[secpriv.wien/teaching/index.html]
[secpriv.wien/team/amogh]
[secpriv.wien/team/markus]
[secpriv.wien/team/index.html]
[secpriv.wien/alumni/index.html]
[secpriv.wien/reach/index.html]
[secpriv.wien/contact/index.html]
[platform.twitter.com/widgets.js]
[secpriv.wien/work/index.html]
[secpriv.wien/assets/w18/1.7.3/js/jquery.js]
[secpriv.wien/assets/w18/1.7.3/js/app.js]
[secpriv.wien/js/academic.js]
[secpriv.wien/index.html]
[secpriv.wien/internship/index.html]
[secpriv.wien/css/webfonts/370AD1_0_0.eot]
[secpriv.wien/double/index.html]
[secpriv.wien/css/webfonts/370AD1_0_0d41d.eot]
[secpriv.wien/css/webfonts/370AD1_0_0.woff2]
[secpriv.wien/css/webfonts/370AD1_0_0.woff]
[secpriv.wien/css/webfonts/370AD1_0_0.ttf]
[secpriv.wien/blog/en/ethor-horst/index.html]
[secpriv.wien/blog/en/lb-sess-int/index.html]
[secpriv.wien/blog/en/tracing-app/overview/index.html]
[secpriv.wien/css/webfonts/ibm-plex-mono-v5-latin-ext_latin-regular.eot]
[secpriv.wien/css/webfonts/ibm-plex-mono-v5-latin-ext_latin-regulard41d.eot]
[secpriv.wien/blog/de/tracing-app/overview/index.html]
[secpriv.wien/css/webfonts/ibm-plex-mono-v5-latin-ext_latin-regular.woff2]
[secpriv.wien/css/webfonts/ibm-plex-mono-v5-latin-ext_latin-regular.woff]
[secpriv.wien/css/webfonts/ibm-plex-mono-v5-latin-ext_latin-regular.ttf]
[secpriv.wien/css/webfonts/roboto-v20-latin-ext_latin-300.eot]
[secpriv.wien/css/webfonts/roboto-v20-latin-ext_latin-300d41d.eot]
[secpriv.wien/css/webfonts/roboto-v20-latin-ext_latin-300.woff2]
[secpriv.wien/css/webfonts/roboto-v20-latin-ext_latin-300.woff]
[secpriv.wien/css/webfonts/roboto-v20-latin-ext_latin-300.ttf]
[secpriv.wien/css/webfonts/roboto-v20-latin-ext_latin-300italic.eot]
[secpriv.wien/css/webfonts/roboto-v20-latin-ext_latin-300italicd41d.eot]
[secpriv.wien/css/webfonts/roboto-v20-latin-ext_latin-300italic.woff2]
[secpriv.wien/css/webfonts/roboto-v20-latin-ext_latin-300italic.woff]
[secpriv.wien/css/webfonts/roboto-v20-latin-ext_latin-300italic.ttf]
[secpriv.wien/css/webfonts/roboto-v20-latin-ext_latin-500.eot]
[secpriv.wien/css/webfonts/roboto-v20-latin-ext_latin-500d41d.eot]
[secpriv.wien/css/webfonts/roboto-v20-latin-ext_latin-500.woff2]
[secpriv.wien/css/webfonts/roboto-v20-latin-ext_latin-500.woff]
[secpriv.wien/css/webfonts/roboto-v20-latin-ext_latin-500.ttf]
[secpriv.wien/css/webfonts/roboto-v20-latin-ext_latin-regular.eot]
[secpriv.wien/css/webfonts/roboto-v20-latin-ext_latin-regulard41d.eot]
[secpriv.wien/css/webfonts/roboto-v20-latin-ext_latin-regular.woff2]
[secpriv.wien/css/webfonts/roboto-v20-latin-ext_latin-regular.woff]
[secpriv.wien/css/webfonts/roboto-v20-latin-ext_latin-regular.ttf]
[secpriv.wien/css/app.css]
[secpriv.wien/research/index.html]
[secpriv.wien/publications/index.html]
[secpriv.wien/projects/index.html]
[secpriv.wien/teaching/index.html]
[secpriv.wien/team/index.html]
[secpriv.wien/alumni/index.html]
[www.dbai.tuwien.ac.at/address/pic/map00000.jpg]
[secpriv.wien/reach/index.html]
[secpriv.wien/contact/index.html]
[secpriv.wien/work/thesis@secpriv.tuwien.ac.at]
[secpriv.wien/work/index.html]
[secpriv.wien/internship/index.html]
[secpriv.wien/double/index.html]
[secpriv.wien/blog/en/index.html]
[secpriv.wien/blog/de/index.html]
[secpriv.wien/blog/en/ethor-horst/index.html]
[secpriv.wien/blog/en/lb-sess-int/index.html]
[secpriv.wien/blog/en/tracing-app/overview/app-centralized.png]
[secpriv.wien/blog/en/tracing-app/overview/app-decentralized.png]
[secpriv.wien/blog/en/tracing-app/overview/index.html]
[secpriv.wien/blog/de/tracing-app/overview/app-centralized.png]
[secpriv.wien/blog/de/tracing-app/overview/app-decentralized.png]
[secpriv.wien/blog/de/tracing-app/overview/index.html]
[secpriv.wien/team/elena/index.html]
[secpriv.wien/team/georgia/index.html]
[secpriv.wien/team/martina/index.html]
[secpriv.wien/team/matteo/index.html]
[secpriv.wien/team/mauro/index.html]
[secpriv.wien/assets/w18/1.7.3/images/silhouette.svg]
[secpriv.wien/team/anagha/index.html]
[secpriv.wien/team/lukas/index.html]
[secpriv.wien/team/philipp.html]
[secpriv.wien/team/jakob/index.html]
[secpriv.wien/team/benjamin/index.html]
[secpriv.wien/team/simon/index.html]
[secpriv.wien/team/felix/index.html]
[secpriv.wien/team/amogh.html]
[secpriv.wien/team/aakanksha/index.html]
[secpriv.wien/team/giulia/index.html]
[secpriv.wien/team/markus.html]
[secpriv.wien/team/david/index.html]
[secpriv.wien/team/alexander/index.html]
[secpriv.wien/team/pedro/index.html]
[secpriv.wien/team/marco/index.html]
[secpriv.wien/team/carlotta/index.html]
[secpriv.wien/team/erkan/index.html]
[secpriv.wien/team/lorenzo/index.html]
[secpriv.wien/team/andreas/index.html]
[secpriv.wien/team/mathias/index.html]
[secpriv.wien/team/johannes/index.html]
[secpriv.wien/team/christopher/index.html]
[secpriv.wien/css/webfonts/370AD1_0_0.html]
[secpriv.wien/css/webfonts/370AD1_0_0d41d.html]
[secpriv.wien/css/webfonts/ibm-plex-mono-v5-latin-ext_latin-regular.html]
[secpriv.wien/css/webfonts/ibm-plex-mono-v5-latin-ext_latin-regulard41d.html]
[secpriv.wien/css/webfonts/roboto-v20-latin-ext_latin-300.html]
[secpriv.wien/css/webfonts/roboto-v20-latin-ext_latin-300d41d.html]
[secpriv.wien/css/webfonts/roboto-v20-latin-ext_latin-300italic.html]
[secpriv.wien/css/webfonts/roboto-v20-latin-ext_latin-300italicd41d.html]
[secpriv.wien/css/webfonts/roboto-v20-latin-ext_latin-300italic-2.html]
[secpriv.wien/css/webfonts/roboto-v20-latin-ext_latin-300italic-3.html]
[secpriv.wien/css/webfonts/roboto-v20-latin-ext_latin-300italic-4.html]
[secpriv.wien/css/webfonts/roboto-v20-latin-ext_latin-500.html]
[secpriv.wien/css/webfonts/roboto-v20-latin-ext_latin-500d41d.html]
[secpriv.wien/css/webfonts/roboto-v20-latin-ext_latin-regular.html]
[secpriv.wien/css/webfonts/roboto-v20-latin-ext_latin-regulard41d.html]
[secpriv.wien/css/webfonts/roboto-v20-latin-ext_latin-regular-2.html]
[secpriv.wien/css/webfonts/roboto-v20-latin-ext_latin-regular-3.html]
[secpriv.wien/css/webfonts/roboto-v20-latin-ext_latin-regular-4.html]
[secpriv.wien/assets/w18/1.7.3/images/sprite.svg]
[secpriv.wien/team/georg/index.html]
[secpriv.wien/work/thesis@secpriv.tuwien.ac.html]
[secpriv.wien/ethor/index.html]
